---
source: tui/src/app/tests/workflow_preview_tests.rs
expression: popup
---
  Run a dynamic workflow?

  Preview the selected workflow source.

  This dynamic workflow will spin up multiple subagents across the following phases:
    1. Inspect — Read selected bytes.

  args: original args

  You can stop a running workflow at any time with /workflows, or disable dynamic workflows in
  /config.

› 1. Yes, run it
  2. Yes, and don't ask again for /saved in /private/var/folders/s1/
     l1n0ht5d5j5__hqxv0d_6q2w0000gn/T/[TEMP]
  3. View raw script
  4. No

  ctrl + g edit in $EDITOR
