---
source: tui/src/app/tests/workflow_preview_tests.rs
expression: "render_bottom_popup(&app.chat_widget, 100)"
---
  Run a dynamic workflow?

  Collect inline consent feedback.

  This dynamic workflow will spin up multiple subagents across the following phases:
    1. Run

  You can stop a running workflow at any time with /workflows, or disable dynamic workflows in
  /config.

› 1. Yes, run it      tell Codex what to do next
  2. View raw script
  3. No

  ctrl + g edit in $EDITOR
