---
source: tui/src/bottom_pane/workflow_footer_tests.rs
assertion_line: 23
expression: "super::tests::snapshot_buffer(&buf)"
---
                                                                                                
› Ask Codex to do anything                                                                      
                                                                                                
  gpt-6-astra xhigh · project                                                                   
› ● repair · 0/1 agents · running · /workflows · enter open · ↑ back
