---
source: tui/src/bottom_pane/mod.rs
expression: "render_snapshot(&pane, Rect::new(0, 0, 96, 8))"
---
  1 workflow · 26 agents · ⚠ Large workflow · /workflows to stop                                
                                                                                                
                                                                                                
› Ask Codex to do anything                                                                      
                                                                                                
  ? for shortcuts                                                            100% context left
