---
source: tui/src/bottom_pane/mod.rs
assertion_line: 2130
expression: "render_snapshot(&pane, Rect::new(0, 0, 96, 8))"
---
                                                                                                
› Ask Codex to do anything                                                                      
                                                                                                
  gpt-6-astra xhigh · project                                                                   
  1 workflow · 26 agents · ⚠ Large workflow · /workflows to stop
